INFO | 2024-12-01 17:46:32 | GraphQL | Incoming request | 200 | http://localhost:8081 | /graphql
INFO | 2024-12-01 17:46:32 | GraphQL | Incoming request | 200 | http://localhost:8081 | /graphql
INFO | 2024-12-01 17:46:32 | GRAPHQL | Request for posts query
INFO | 2024-12-01 17:46:32 | GRAPHQL | Cache Hit: Successfully retrieved posts from cache using key: smPosts
INFO | 2024-12-01 17:46:33 | GraphQL | Incoming request | 200 | http://localhost:8081 | /graphql
INFO | 2024-12-01 17:48:45 | GRAPHQL | Starting GraphQL Service
INFO | 2024-12-01 17:48:45 | GRAPHQL | 🚀 Server ready at at http://localhost:8081
INFO | 2024-12-01 17:48:45 | GRAPHQL | Redis Client connected
INFO | 2024-12-01 17:48:45 | GRAPHQL | Connected to MongoDB
INFO | 2024-12-01 17:48:59 | GraphQL | Incoming request | 200 | http://localhost:8081 | /graphql
INFO | 2024-12-01 17:49:00 | GraphQL | Incoming request | 200 | http://localhost:8081 | /graphql
INFO | 2024-12-01 17:49:00 | GRAPHQL | Request for posts query
INFO | 2024-12-01 17:49:00 | GRAPHQL | Cache Hit: Successfully retrieved posts from cache using key: smPosts
INFO | 2024-12-01 17:49:00 | GraphQL | Incoming request | 200 | http://localhost:8081 | /graphql
INFO | 2024-12-01 17:49:01 | GraphQL | Incoming request | 200 | http://localhost:8081 | /graphql
INFO | 2024-12-01 17:49:02 | GraphQL | Incoming request | 200 | http://localhost:8081 | /graphql
INFO | 2024-12-01 17:49:03 | GraphQL | Incoming request | 200 | http://localhost:8081 | /graphql
INFO | 2024-12-01 17:49:04 | GraphQL | Incoming request | 200 | http://localhost:8081 | /graphql
INFO | 2024-12-01 17:49:05 | GraphQL | Incoming request | 200 | http://localhost:8081 | /graphql
INFO | 2024-12-01 17:49:06 | GraphQL | Incoming request | 200 | http://localhost:8081 | /graphql
INFO | 2024-12-01 17:49:07 | GraphQL | Incoming request | 200 | http://localhost:8081 | /graphql
INFO | 2024-12-01 17:49:08 | GraphQL | Incoming request | 200 | http://localhost:8081 | /graphql
INFO | 2024-12-01 17:49:09 | GraphQL | Incoming request | 200 | http://localhost:8081 | /graphql
INFO | 2024-12-01 17:49:10 | GraphQL | Incoming request | 200 | http://localhost:8081 | /graphql
INFO | 2024-12-01 17:49:11 | GraphQL | Incoming request | 200 | http://localhost:8081 | /graphql
INFO | 2024-12-01 17:49:12 | GraphQL | Incoming request | 200 | http://localhost:8081 | /graphql
INFO | 2024-12-01 17:49:13 | GraphQL | Incoming request | 200 | http://localhost:8081 | /graphql
INFO | 2024-12-01 17:49:14 | GraphQL | Incoming request | 200 | http://localhost:8081 | /graphql
INFO | 2024-12-01 17:49:15 | GraphQL | Incoming request | 200 | http://localhost:8081 | /graphql
INFO | 2024-12-01 17:49:16 | GraphQL | Incoming request | 200 | http://localhost:8081 | /graphql
INFO | 2024-12-01 17:49:17 | GraphQL | Incoming request | 200 | http://localhost:8081 | /graphql
INFO | 2024-12-01 17:54:26 | GraphQL | Incoming request | 200 | http://localhost:8081 | /graphql
INFO | 2024-12-01 17:56:20 | GRAPHQL | Starting GraphQL Service
INFO | 2024-12-01 17:56:20 | GRAPHQL | 🚀 Server ready at at http://localhost:8081
INFO | 2024-12-01 17:56:20 | GRAPHQL | Redis Client connected
INFO | 2024-12-01 17:56:20 | GRAPHQL | Connected to MongoDB
INFO | 2024-12-01 17:56:37 | GRAPHQL | Starting GraphQL Service
INFO | 2024-12-01 17:56:37 | GRAPHQL | 🚀 Server ready at at http://localhost:8081
INFO | 2024-12-01 17:56:37 | GRAPHQL | Redis Client connected
INFO | 2024-12-01 17:56:38 | GRAPHQL | Connected to MongoDB
INFO | 2024-12-01 17:56:46 | GRAPHQL | Starting GraphQL Service
INFO | 2024-12-01 17:56:46 | GRAPHQL | 🚀 Server ready at at http://localhost:8081
INFO | 2024-12-01 17:56:46 | GRAPHQL | Redis Client connected
INFO | 2024-12-01 17:56:46 | GRAPHQL | Connected to MongoDB
INFO | 2024-12-01 17:57:14 | GraphQL | Incoming request | 200 | http://localhost:8081 | /graphql
INFO | 2024-12-01 17:57:14 | GRAPHQL | Request for posts query
INFO | 2024-12-01 17:57:14 | GRAPHQL | Cache Hit: Successfully retrieved posts from cache using key: smPosts
INFO | 2024-12-01 17:57:14 | GraphQL | Incoming request | 200 | http://localhost:8081 | /graphql
INFO | 2024-12-01 17:57:15 | GraphQL | Incoming request | 200 | http://localhost:8081 | /graphql
INFO | 2024-12-01 17:57:16 | GraphQL | Incoming request | 200 | http://localhost:8081 | /graphql
INFO | 2024-12-01 17:57:17 | GraphQL | Incoming request | 200 | http://localhost:8081 | /graphql
INFO | 2024-12-01 17:57:18 | GraphQL | Incoming request | 200 | http://localhost:8081 | /graphql
INFO | 2024-12-01 17:57:19 | GraphQL | Incoming request | 200 | http://localhost:8081 | /graphql
INFO | 2024-12-01 17:57:20 | GraphQL | Incoming request | 200 | http://localhost:8081 | /graphql
INFO | 2024-12-01 17:57:23 | GraphQL | Incoming request | 200 | http://localhost:5173 | /graphql
INFO | 2024-12-01 17:57:23 | GRAPHQL | Cache Hit at key: smUser:673f842539f3664793ce0b1f
DEBUG | 2024-12-01 17:57:23 | GRAPHQL | Returning user data from cache
INFO | 2024-12-01 17:57:24 | GraphQL | Incoming request | 200 | http://localhost:5173 | /graphql
INFO | 2024-12-01 17:57:24 | GRAPHQL | Request for posts query
INFO | 2024-12-01 17:57:24 | GRAPHQL | Cache Hit: Successfully retrieved posts from cache using key: smPosts
INFO | 2024-12-01 17:57:58 | GraphQL | Incoming request | 200 | http://localhost:5173 | /graphql
INFO | 2024-12-01 17:57:58 | GRAPHQL | Request arrived for addPost mutation
DEBUG | 2024-12-01 17:58:01 | GRAPHQL | addPost mutation processed successfully
INFO | 2024-12-01 17:58:01 | GraphQL | Incoming request | 200 | http://localhost:5173 | /graphql
INFO | 2024-12-01 17:58:01 | GRAPHQL | Request for posts query
INFO | 2024-12-01 17:58:01 | GRAPHQL | Cache Miss: Fetching posts from the database as cache key 'smPosts' was not found.
INFO | 2024-12-01 17:58:01 | GRAPHQL | Database Query: Retrieved for query posts. Cache updated with key: smPosts.
INFO | 2024-12-01 17:59:19 | GRAPHQL | Starting GraphQL Service
INFO | 2024-12-01 17:59:19 | GRAPHQL | 🚀 Server ready at at http://localhost:8081
INFO | 2024-12-01 17:59:19 | GRAPHQL | Redis Client connected
INFO | 2024-12-01 17:59:19 | GRAPHQL | Connected to MongoDB
INFO | 2024-12-01 17:59:31 | GRAPHQL | Starting GraphQL Service
INFO | 2024-12-01 17:59:31 | GRAPHQL | 🚀 Server ready at at http://localhost:8081
INFO | 2024-12-01 17:59:31 | GRAPHQL | Redis Client connected
INFO | 2024-12-01 17:59:31 | GRAPHQL | Connected to MongoDB
INFO | 2024-12-01 17:59:37 | GRAPHQL | Starting GraphQL Service
INFO | 2024-12-01 17:59:37 | GRAPHQL | 🚀 Server ready at at http://localhost:8081
INFO | 2024-12-01 17:59:37 | GRAPHQL | Redis Client connected
INFO | 2024-12-01 17:59:37 | GRAPHQL | Connected to MongoDB
INFO | 2024-12-01 18:00:06 | GRAPHQL | Starting GraphQL Service
INFO | 2024-12-01 18:00:06 | GRAPHQL | 🚀 Server ready at at http://localhost:8081
INFO | 2024-12-01 18:00:06 | GRAPHQL | Redis Client connected
INFO | 2024-12-01 18:00:06 | GRAPHQL | Connected to MongoDB
INFO | 2024-12-01 18:00:14 | GRAPHQL | Starting GraphQL Service
INFO | 2024-12-01 18:00:14 | GRAPHQL | 🚀 Server ready at at http://localhost:8081
INFO | 2024-12-01 18:00:14 | GRAPHQL | Redis Client connected
INFO | 2024-12-01 18:00:14 | GRAPHQL | Connected to MongoDB
INFO | 2024-12-01 18:00:20 | GRAPHQL | Starting GraphQL Service
INFO | 2024-12-01 18:00:20 | GRAPHQL | 🚀 Server ready at at http://localhost:8081
INFO | 2024-12-01 18:00:20 | GRAPHQL | Redis Client connected
INFO | 2024-12-01 18:00:20 | GRAPHQL | Connected to MongoDB
INFO | 2024-12-01 18:00:26 | GRAPHQL | Starting GraphQL Service
INFO | 2024-12-01 18:00:26 | GRAPHQL | 🚀 Server ready at at http://localhost:8081
INFO | 2024-12-01 18:00:26 | GRAPHQL | Redis Client connected
INFO | 2024-12-01 18:00:26 | GRAPHQL | Connected to MongoDB
INFO | 2024-12-01 18:00:49 | GraphQL | Incoming request | 200 | http://localhost:5173 | /graphql
INFO | 2024-12-01 18:00:49 | GRAPHQL | Cache Miss at key: smUser:673f842539f3664793ce0b1f
INFO | 2024-12-01 18:00:49 | GraphQL | Incoming request | 200 | http://localhost:5173 | /graphql
INFO | 2024-12-01 18:00:49 | GRAPHQL | Request for posts query
DEBUG | 2024-12-01 18:00:49 | GRAPHQL | User data fetched and cached
DEBUG | 2024-12-01 18:00:49 | GRAPHQL | userById query processed successfully
INFO | 2024-12-01 18:00:49 | GRAPHQL | Cache Hit: Successfully retrieved posts from cache using key: smPosts
INFO | 2024-12-01 18:01:25 | GraphQL | Incoming request | 200 | http://localhost:5173 | /graphql
INFO | 2024-12-01 18:01:25 | GRAPHQL | Cache Miss. Searching users in database.
DEBUG | 2024-12-01 18:01:25 | GRAPHQL | Searched and cached users data
DEBUG | 2024-12-01 18:01:25 | GRAPHQL | searchUsers query processed successfully
INFO | 2024-12-01 18:01:25 | GraphQL | Incoming request | 200 | http://localhost:5173 | /graphql
INFO | 2024-12-01 18:01:25 | GRAPHQL | Cache Miss at key: smUser:673ce0deb5ab65f7e6a5c37f
DEBUG | 2024-12-01 18:01:25 | GRAPHQL | User data fetched and cached
DEBUG | 2024-12-01 18:01:25 | GRAPHQL | userById query processed successfully
INFO | 2024-12-01 18:01:31 | GraphQL | Incoming request | 200 | http://localhost:5173 | /graphql
INFO | 2024-12-01 18:02:25 | GraphQL | Incoming request | 200 | http://localhost:5173 | /graphql
INFO | 2024-12-01 18:02:25 | GRAPHQL | Cache Miss: Fetching post by ID '674c5651b60ece525f1021da' from the database as cache key 'smPost:674c5651b60ece525f1021da' was not found.
INFO | 2024-12-01 18:02:25 | GRAPHQL | Database Query: Retrieved for query postById '674c5651b60ece525f1021da'. Cache updated with key: smPost:674c5651b60ece525f1021da.
INFO | 2024-12-01 18:08:48 | GraphQL | Incoming request | 200 | http://localhost:5173 | /graphql
INFO | 2024-12-01 18:08:48 | GRAPHQL | Cache Hit at key: smUser:673f842539f3664793ce0b1f
DEBUG | 2024-12-01 18:08:48 | GRAPHQL | Returning user data from cache
INFO | 2024-12-01 18:08:48 | GraphQL | Incoming request | 200 | http://localhost:5173 | /graphql
INFO | 2024-12-01 18:08:48 | GRAPHQL | Request for posts query
INFO | 2024-12-01 18:08:48 | GRAPHQL | Cache Hit: Successfully retrieved posts from cache using key: smPosts
INFO | 2024-12-01 18:08:52 | GraphQL | Incoming request | 200 | http://localhost:5173 | /graphql
INFO | 2024-12-01 18:09:01 | GraphQL | Incoming request | 200 | http://localhost:5173 | /graphql
INFO | 2024-12-01 18:15:10 | GRAPHQL | Starting GraphQL Service
INFO | 2024-12-01 18:15:10 | GRAPHQL | 🚀 Server ready at at http://localhost:8081
INFO | 2024-12-01 18:15:10 | GRAPHQL | Redis Client connected
INFO | 2024-12-01 18:15:10 | GRAPHQL | Connected to MongoDB
INFO | 2024-12-01 18:31:24 | GraphQL | Incoming request | 200 | http://localhost:5173 | /graphql
INFO | 2024-12-01 18:31:24 | GRAPHQL | Request for posts query
INFO | 2024-12-01 18:31:24 | GRAPHQL | Cache Hit: Successfully retrieved posts from cache using key: smPosts
INFO | 2024-12-01 18:31:24 | GraphQL | Incoming request | 200 | http://localhost:5173 | /graphql
INFO | 2024-12-01 18:31:24 | GRAPHQL | Cache Hit at key: smUser:673f842539f3664793ce0b1f
DEBUG | 2024-12-01 18:31:24 | GRAPHQL | Returning user data from cache
INFO | 2024-12-01 18:31:27 | GraphQL | Incoming request | 200 | http://localhost:5173 | /graphql
DEBUG | 2024-12-01 18:31:28 | GRAPHQL | deletePost mutation processed successfully
INFO | 2024-12-01 18:31:28 | GraphQL | Incoming request | 200 | http://localhost:5173 | /graphql
INFO | 2024-12-01 18:31:28 | GRAPHQL | Request for posts query
INFO | 2024-12-01 18:31:28 | GRAPHQL | Cache Miss: Fetching posts from the database as cache key 'smPosts' was not found.
INFO | 2024-12-01 18:31:28 | GRAPHQL | Database Query: Retrieved for query posts. Cache updated with key: smPosts.
INFO | 2024-12-01 18:33:43 | GraphQL | Incoming request | 200 | http://localhost:5173 | /graphql
INFO | 2024-12-01 18:33:43 | GRAPHQL | Request for posts query
INFO | 2024-12-01 18:33:43 | GRAPHQL | Cache Hit: Successfully retrieved posts from cache using key: smPosts
INFO | 2024-12-01 18:33:43 | GraphQL | Incoming request | 200 | http://localhost:5173 | /graphql
INFO | 2024-12-01 18:33:43 | GRAPHQL | Cache Miss at key: smUser:673f842539f3664793ce0b1f
DEBUG | 2024-12-01 18:33:43 | GRAPHQL | User data fetched and cached
DEBUG | 2024-12-01 18:33:43 | GRAPHQL | userById query processed successfully
INFO | 2024-12-01 20:43:14 | GraphQL | Incoming request | 200 | http://localhost:5173 | /graphql
INFO | 2024-12-01 20:43:14 | GRAPHQL | Cache Hit at key: smUser:673f842539f3664793ce0b1f
DEBUG | 2024-12-01 20:43:14 | GRAPHQL | Returning user data from cache
INFO | 2024-12-01 21:04:53 | GRAPHQL | Starting GraphQL Service
INFO | 2024-12-01 21:04:53 | GRAPHQL | 🚀 Server ready at at http://localhost:8081
INFO | 2024-12-01 21:04:53 | GRAPHQL | Redis Client connected
INFO | 2024-12-01 21:04:53 | GRAPHQL | Connected to MongoDB
INFO | 2024-12-01 21:33:13 | GRAPHQL | Starting GraphQL Service
INFO | 2024-12-01 21:33:13 | GRAPHQL | 🚀 Server ready at at http://localhost:8081
INFO | 2024-12-01 21:33:13 | GRAPHQL | Redis Client connected
INFO | 2024-12-01 21:33:13 | GRAPHQL | Connected to MongoDB
INFO | 2024-12-01 21:33:22 | GRAPHQL | Starting GraphQL Service
INFO | 2024-12-01 21:33:22 | GRAPHQL | 🚀 Server ready at at http://localhost:8081
INFO | 2024-12-01 21:33:22 | GRAPHQL | Redis Client connected
INFO | 2024-12-01 21:33:22 | GRAPHQL | Connected to MongoDB
INFO | 2024-12-01 21:33:42 | GRAPHQL | Starting GraphQL Service
INFO | 2024-12-01 21:33:42 | GRAPHQL | 🚀 Server ready at at http://localhost:8081
INFO | 2024-12-01 21:33:42 | GRAPHQL | Redis Client connected
INFO | 2024-12-01 21:33:42 | GRAPHQL | Connected to MongoDB
INFO | 2024-12-01 21:33:51 | GRAPHQL | Starting GraphQL Service
INFO | 2024-12-01 21:33:51 | GRAPHQL | 🚀 Server ready at at http://localhost:8081
INFO | 2024-12-01 21:33:51 | GRAPHQL | Redis Client connected
INFO | 2024-12-01 21:33:51 | GRAPHQL | Connected to MongoDB
INFO | 2024-12-01 21:34:08 | GRAPHQL | Starting GraphQL Service
INFO | 2024-12-01 21:34:08 | GRAPHQL | 🚀 Server ready at at http://localhost:8081
INFO | 2024-12-01 21:34:08 | GRAPHQL | Redis Client connected
INFO | 2024-12-01 21:34:08 | GRAPHQL | Connected to MongoDB
INFO | 2024-12-01 21:34:32 | GRAPHQL | Starting GraphQL Service
INFO | 2024-12-01 21:34:32 | GRAPHQL | 🚀 Server ready at at http://localhost:8081
INFO | 2024-12-01 21:34:33 | GRAPHQL | Redis Client connected
INFO | 2024-12-01 21:34:33 | GRAPHQL | Connected to MongoDB
INFO | 2024-12-01 21:35:07 | GRAPHQL | Starting GraphQL Service
INFO | 2024-12-01 21:35:07 | GRAPHQL | 🚀 Server ready at at http://localhost:8081
INFO | 2024-12-01 21:35:07 | GRAPHQL | Redis Client connected
INFO | 2024-12-01 21:35:07 | GRAPHQL | Connected to MongoDB
INFO | 2024-12-01 21:35:28 | GRAPHQL | Starting GraphQL Service
INFO | 2024-12-01 21:35:28 | GRAPHQL | 🚀 Server ready at at http://localhost:8081
INFO | 2024-12-01 21:35:28 | GRAPHQL | Redis Client connected
INFO | 2024-12-01 21:35:28 | GRAPHQL | Connected to MongoDB
INFO | 2024-12-01 21:36:44 | GRAPHQL | Starting GraphQL Service
INFO | 2024-12-01 21:36:44 | GRAPHQL | 🚀 Server ready at at http://localhost:8081
INFO | 2024-12-01 21:36:44 | GRAPHQL | Redis Client connected
INFO | 2024-12-01 21:36:44 | GRAPHQL | Connected to MongoDB
INFO | 2024-12-01 21:37:03 | GRAPHQL | Starting GraphQL Service
INFO | 2024-12-01 21:37:03 | GRAPHQL | 🚀 Server ready at at http://localhost:8081
INFO | 2024-12-01 21:37:03 | GRAPHQL | Redis Client connected
INFO | 2024-12-01 21:37:03 | GRAPHQL | Connected to MongoDB
INFO | 2024-12-01 21:37:24 | GRAPHQL | Starting GraphQL Service
INFO | 2024-12-01 21:37:24 | GRAPHQL | 🚀 Server ready at at http://localhost:8081
INFO | 2024-12-01 21:37:24 | GRAPHQL | Redis Client connected
INFO | 2024-12-01 21:37:24 | GRAPHQL | Connected to MongoDB
INFO | 2024-12-01 21:37:51 | GRAPHQL | Starting GraphQL Service
INFO | 2024-12-01 21:37:51 | GRAPHQL | 🚀 Server ready at at http://localhost:8081
INFO | 2024-12-01 21:37:51 | GRAPHQL | Redis Client connected
INFO | 2024-12-01 21:37:51 | GRAPHQL | Connected to MongoDB
